// Jest Snapshot v1, https://goo.gl/fbAQLP

exports[`Hero Slider should render correctly in the browser 1`] = `
<DocumentFragment>
  .emotion-8 {
  background-color: #000;
}

.emotion-8 .swiper-slide {
  -webkit-align-items: center;
  -webkit-box-align: center;
  -ms-flex-align: center;
  align-items: center;
  box-sizing: border-box;
  display: -webkit-box;
  display: -webkit-flex;
  display: -ms-flexbox;
  display: flex;
  -webkit-box-pack: center;
  -webkit-justify-content: center;
  -ms-flex-pack: center;
  justify-content: center;
  padding: 20.4px;
}

@media (orientation:portrait) {
  .emotion-8 .swiper-slide {
    height: calc(60vh - 50px);
  }
}

@media (orientation:portrait) and (min-width:600px) {
  .emotion-8 .swiper-slide {
    height: calc(50vh - 50px);
  }
}

@media (orientation:portrait) and (min-width:1025px) {
  .emotion-8 .swiper-slide {
    height: calc(50vh - 61px);
  }
}

@media (orientation:landscape) {
  .emotion-8 .swiper-slide {
    height: calc(100vh - 50px);
  }
}

@media (orientation:landscape) and (min-width:600px) {
  .emotion-8 .swiper-slide {
    height: calc(100vh - 50px);
  }
}

@media (orientation:landscape) and (min-width:1025px) {
  .emotion-8 .swiper-slide {
    height: calc(100vh - 61px);
  }
}

@media (min-width:1366px) {
  .emotion-8 .swiper-slide {
    padding: 40.8px;
  }
}

.emotion-8 .swiper-pagination-bullets {
  bottom: 20.4px;
}

.emotion-0 {
  bottom: 0;
  left: 0;
  position: absolute !important;
  right: 0;
  top: 0;
  z-index: -1;
}

.emotion-1 {
  display: -webkit-box;
  display: -webkit-flex;
  display: -ms-flexbox;
  display: flex;
  max-width: 1300px;
  -webkit-transition: -webkit-transform 0.6s ease-in-out,opacity 0.3s;
  -webkit-transition: transform 0.6s ease-in-out,opacity 0.3s;
  transition: transform 0.6s ease-in-out,opacity 0.3s;
  -webkit-transition-delay: 0.4s;
  transition-delay: 0.4s;
  width: 100%;
}

@media (min-width:600px) {
  .emotion-1 {
    width: 90%;
  }
}

.emotion-1 h1 {
  font-family: Orbitron,sans-serif;
  font-weight: 700;
  -webkit-letter-spacing: 0.1em;
  -moz-letter-spacing: 0.1em;
  -ms-letter-spacing: 0.1em;
  letter-spacing: 0.1em;
  text-transform: uppercase;
  background-color: #000;
  color: #fff;
  font-size: clamp(18px,5.625vw,48px);
  margin: 0;
  opacity: 0;
  padding: 20.4px;
  -webkit-transition: opacity 0.6s ease-in-out,-webkit-transform 0.4s ease-in-out;
  -webkit-transition: opacity 0.6s ease-in-out,transform 0.4s ease-in-out;
  transition: opacity 0.6s ease-in-out,transform 0.4s ease-in-out;
  -webkit-transition-delay: 0.4s;
  transition-delay: 0.4s;
}

.emotion-1 span {
  display: block;
  -webkit-transform: translateX(10px);
  -ms-transform: translateX(10px);
  transform: translateX(10px);
  -webkit-transition: -webkit-transform 0.4s ease-in-out;
  -webkit-transition: transform 0.4s ease-in-out;
  transition: transform 0.4s ease-in-out;
  -webkit-transition-delay: 0.6s;
  transition-delay: 0.6s;
}

.swiper-slide-active .emotion-1 h1 {
  opacity: 1;
}

.swiper-slide-active .emotion-1 span {
  -webkit-transform: none;
  -ms-transform: none;
  transform: none;
}

<section
    class="emotion-8"
  >
    <div
      class="swiper-container swiper-container-fade swiper-container-initialized swiper-container-horizontal"
    >
      <div
        class="swiper-pagination swiper-pagination-clickable swiper-pagination-bullets"
      />
      <div
        class="swiper-wrapper"
        style="transition: 0ms;"
      >
        <div
          class="swiper-slide"
        >
          <div
            class="emotion-0 gatsby-image-wrapper"
            style="position: relative; overflow: hidden;"
          >
            <div
              aria-hidden="true"
              style="width: 100%; padding-bottom: 79.140625%;"
            />
            <img
              alt=""
              aria-hidden="true"
              src="data:image/jpeg;base64,/9j/2wBDABALDA4MChAODQ4SERATGCgaGBYWGDEjJR0oOjM9PDkzODdASFxOQERXRTc4UG1RV19iZ2hnPk1xeXBkeFxlZ2P/2wBDARESEhgVGC8aGi9jQjhCY2NjY2NjY2NjY2NjY2NjY2NjY2NjY2NjY2NjY2NjY2NjY2NjY2NjY2NjY2NjY2NjY2P/wgARCAAQABQDASIAAhEBAxEB/8QAGQAAAgMBAAAAAAAAAAAAAAAAAAIDBAUG/8QAFQEBAQAAAAAAAAAAAAAAAAAAAQD/2gAMAwEAAhADEAAAAWiooXRmUD//xAAaEAADAQADAAAAAAAAAAAAAAABAgMAFCEi/9oACAEBAAEFAqWYDkVVg/VG3jAM4//EABQRAQAAAAAAAAAAAAAAAAAAABD/2gAIAQMBAT8BP//EABQRAQAAAAAAAAAAAAAAAAAAABD/2gAIAQIBAT8BP//EABwQAAMAAQUAAAAAAAAAAAAAAAABESECEEFhcf/aAAgBAQAGPwJR5FdSa62nBiv0p//EABwQAAICAgMAAAAAAAAAAAAAAAERACEQMVFhcf/aAAgBAQABPyGofsca8KQcQSZe0YJ/JLh3xU//2gAMAwEAAgADAAAAEL8v/8QAFBEBAAAAAAAAAAAAAAAAAAAAEP/aAAgBAwEBPxA//8QAFREBAQAAAAAAAAAAAAAAAAAAARD/2gAIAQIBAT8QJ//EAB0QAQACAgIDAAAAAAAAAAAAAAERIQAxQVFxgZH/2gAIAQEAAT8QRRa+DUWZQDMIjXzGBbJ3OJaQUL13k1tTYYB6WcInzKLFa4z/2Q=="
              style="position: absolute; top: 0px; left: 0px; width: 100%; height: 100%; object-fit: cover; object-position: center; opacity: 1;"
            />
            <picture>
              <source
                sizes="(max-width: 2048px) 100vw, 2048px"
                srcset="/static/d5f05eb7f5e8ca7c3e7bf22111679131/135cd/car-wash.webp 1280w,
/static/d5f05eb7f5e8ca7c3e7bf22111679131/96ec1/car-wash.webp 2048w"
                type="image/webp"
              />
              <source
                sizes="(max-width: 2048px) 100vw, 2048px"
                srcset="/static/d5f05eb7f5e8ca7c3e7bf22111679131/ec6c5/car-wash.jpg 1280w,
/static/d5f05eb7f5e8ca7c3e7bf22111679131/69755/car-wash.jpg 2048w"
              />
              <img
                alt=""
                loading="lazy"
                sizes="(max-width: 2048px) 100vw, 2048px"
                src="/static/d5f05eb7f5e8ca7c3e7bf22111679131/69755/car-wash.jpg"
                srcset="/static/d5f05eb7f5e8ca7c3e7bf22111679131/ec6c5/car-wash.jpg 1280w,
/static/d5f05eb7f5e8ca7c3e7bf22111679131/69755/car-wash.jpg 2048w"
                style="position: absolute; top: 0px; left: 0px; width: 100%; height: 100%; object-fit: cover; object-position: center; opacity: 1; transition: none;"
              />
            </picture>
            <noscript>
              &lt;picture&gt;&lt;source type='image/webp' srcset="/static/d5f05eb7f5e8ca7c3e7bf22111679131/135cd/car-wash.webp 1280w,
/static/d5f05eb7f5e8ca7c3e7bf22111679131/96ec1/car-wash.webp 2048w" sizes="(max-width: 2048px) 100vw, 2048px" /&gt;&lt;source srcset="/static/d5f05eb7f5e8ca7c3e7bf22111679131/ec6c5/car-wash.jpg 1280w,
/static/d5f05eb7f5e8ca7c3e7bf22111679131/69755/car-wash.jpg 2048w" sizes="(max-width: 2048px) 100vw, 2048px" /&gt;&lt;img loading="lazy" sizes="(max-width: 2048px) 100vw, 2048px" srcset="/static/d5f05eb7f5e8ca7c3e7bf22111679131/ec6c5/car-wash.jpg 1280w,
/static/d5f05eb7f5e8ca7c3e7bf22111679131/69755/car-wash.jpg 2048w" src="/static/d5f05eb7f5e8ca7c3e7bf22111679131/69755/car-wash.jpg" alt="" style="position:absolute;top:0;left:0;opacity:1;width:100%;height:100%;object-fit:cover;object-position:center"/&gt;&lt;/picture&gt;
            </noscript>
          </div>
          <div
            class="emotion-1"
          >
            <h1>
              <span>
                Hand
                <br />
                 Car Wash
              </span>
            </h1>
          </div>
        </div>
        <div
          class="swiper-slide"
        >
          <div
            class="emotion-0 gatsby-image-wrapper"
            style="position: relative; overflow: hidden;"
          >
            <div
              aria-hidden="true"
              style="width: 100%; padding-bottom: 70.390625%;"
            />
            <img
              alt=""
              aria-hidden="true"
              src="data:image/jpeg;base64,/9j/2wBDABALDA4MChAODQ4SERATGCgaGBYWGDEjJR0oOjM9PDkzODdASFxOQERXRTc4UG1RV19iZ2hnPk1xeXBkeFxlZ2P/2wBDARESEhgVGC8aGi9jQjhCY2NjY2NjY2NjY2NjY2NjY2NjY2NjY2NjY2NjY2NjY2NjY2NjY2NjY2NjY2NjY2NjY2P/wgARCAAOABQDASIAAhEBAxEB/8QAGAAAAgMAAAAAAAAAAAAAAAAAAAIBAwX/xAAWAQEBAQAAAAAAAAAAAAAAAAAAAQL/2gAMAwEAAhADEAAAAc8riHEGv//EABkQAAIDAQAAAAAAAAAAAAAAAAERAAIQE//aAAgBAQABBQJgk3deLxRz/8QAFBEBAAAAAAAAAAAAAAAAAAAAEP/aAAgBAwEBPwE//8QAFBEBAAAAAAAAAAAAAAAAAAAAEP/aAAgBAgEBPwE//8QAGxAAAgIDAQAAAAAAAAAAAAAAAAERIRAyYTH/2gAIAQEABj8C2a6bTwqyJePWf//EABoQAQACAwEAAAAAAAAAAAAAAAEAESExQXH/2gAIAQEAAT8hbexilyYFoWL5IE0FEODLbKhTh5P/2gAMAwEAAgADAAAAEIwP/8QAFREBAQAAAAAAAAAAAAAAAAAAAQD/2gAIAQMBAT8QgL//xAAVEQEBAAAAAAAAAAAAAAAAAAAAIf/aAAgBAgEBPxBX/8QAGxABAAMAAwEAAAAAAAAAAAAAAQARITFBUbH/2gAIAQEAAT8QrIQQlFXHtTa6q6sfRemA747Mp8whscTpFw0wLYJxFKGnRZ9n/9k="
              style="position: absolute; top: 0px; left: 0px; width: 100%; height: 100%; object-fit: cover; object-position: center; opacity: 1;"
            />
            <picture>
              <source
                sizes="(max-width: 2048px) 100vw, 2048px"
                srcset="/static/b99375738a8a40906d8e76d451e4461e/135cd/wheel-refurbishment.webp 1280w,
/static/b99375738a8a40906d8e76d451e4461e/96ec1/wheel-refurbishment.webp 2048w"
                type="image/webp"
              />
              <source
                sizes="(max-width: 2048px) 100vw, 2048px"
                srcset="/static/b99375738a8a40906d8e76d451e4461e/ec6c5/wheel-refurbishment.jpg 1280w,
/static/b99375738a8a40906d8e76d451e4461e/69755/wheel-refurbishment.jpg 2048w"
              />
              <img
                alt=""
                loading="lazy"
                sizes="(max-width: 2048px) 100vw, 2048px"
                src="/static/b99375738a8a40906d8e76d451e4461e/69755/wheel-refurbishment.jpg"
                srcset="/static/b99375738a8a40906d8e76d451e4461e/ec6c5/wheel-refurbishment.jpg 1280w,
/static/b99375738a8a40906d8e76d451e4461e/69755/wheel-refurbishment.jpg 2048w"
                style="position: absolute; top: 0px; left: 0px; width: 100%; height: 100%; object-fit: cover; object-position: center; opacity: 1; transition: none;"
              />
            </picture>
            <noscript>
              &lt;picture&gt;&lt;source type='image/webp' srcset="/static/b99375738a8a40906d8e76d451e4461e/135cd/wheel-refurbishment.webp 1280w,
/static/b99375738a8a40906d8e76d451e4461e/96ec1/wheel-refurbishment.webp 2048w" sizes="(max-width: 2048px) 100vw, 2048px" /&gt;&lt;source srcset="/static/b99375738a8a40906d8e76d451e4461e/ec6c5/wheel-refurbishment.jpg 1280w,
/static/b99375738a8a40906d8e76d451e4461e/69755/wheel-refurbishment.jpg 2048w" sizes="(max-width: 2048px) 100vw, 2048px" /&gt;&lt;img loading="lazy" sizes="(max-width: 2048px) 100vw, 2048px" srcset="/static/b99375738a8a40906d8e76d451e4461e/ec6c5/wheel-refurbishment.jpg 1280w,
/static/b99375738a8a40906d8e76d451e4461e/69755/wheel-refurbishment.jpg 2048w" src="/static/b99375738a8a40906d8e76d451e4461e/69755/wheel-refurbishment.jpg" alt="" style="position:absolute;top:0;left:0;opacity:1;width:100%;height:100%;object-fit:cover;object-position:center"/&gt;&lt;/picture&gt;
            </noscript>
          </div>
          <div
            class="emotion-1"
          >
            <h1>
              <span>
                Wheel
                <br />
                 Refurbishment
              </span>
            </h1>
          </div>
        </div>
        <div
          class="swiper-slide"
        >
          <div
            class="emotion-0 gatsby-image-wrapper"
            style="position: relative; overflow: hidden;"
          >
            <div
              aria-hidden="true"
              style="width: 100%; padding-bottom: 70.078125%;"
            />
            <img
              alt=""
              aria-hidden="true"
              src="data:image/jpeg;base64,/9j/2wBDABALDA4MChAODQ4SERATGCgaGBYWGDEjJR0oOjM9PDkzODdASFxOQERXRTc4UG1RV19iZ2hnPk1xeXBkeFxlZ2P/2wBDARESEhgVGC8aGi9jQjhCY2NjY2NjY2NjY2NjY2NjY2NjY2NjY2NjY2NjY2NjY2NjY2NjY2NjY2NjY2NjY2NjY2P/wgARCAAOABQDASIAAhEBAxEB/8QAFwAAAwEAAAAAAAAAAAAAAAAAAAIDBP/EABUBAQEAAAAAAAAAAAAAAAAAAAEA/9oADAMBAAIQAxAAAAGJJR2Chf/EABsQAAICAwEAAAAAAAAAAAAAAAECAAMEERIT/9oACAEBAAEFAvd+jlNBlvGqOxWBFr6H/8QAFBEBAAAAAAAAAAAAAAAAAAAAEP/aAAgBAwEBPwE//8QAFREBAQAAAAAAAAAAAAAAAAAAEBH/2gAIAQIBAT8Bp//EABoQAAMAAwEAAAAAAAAAAAAAAAABIRARIjH/2gAIAQEABj8CXUEm5j0tI9H/xAAbEAADAQEAAwAAAAAAAAAAAAABESEAMVGBof/aAAgBAQABPyEyqDgpOBQgIlcQGL6W5PzrhYVinjf/2gAMAwEAAgADAAAAEIAv/8QAFhEAAwAAAAAAAAAAAAAAAAAAEBEh/9oACAEDAQE/EFR//8QAFhEBAQEAAAAAAAAAAAAAAAAAEQAB/9oACAECAQE/EATt/8QAGRABAQEBAQEAAAAAAAAAAAAAAREAITFR/9oACAEBAAE/EBWlx7j44IQeFDXA2+xj0mMnfBhamd7gsrwjf//Z"
              style="position: absolute; top: 0px; left: 0px; width: 100%; height: 100%; object-fit: cover; object-position: center; opacity: 1;"
            />
            <picture>
              <source
                sizes="(max-width: 2048px) 100vw, 2048px"
                srcset="/static/9d1f2229649d73040d156c0f68b3f1c3/135cd/car-valeting.webp 1280w,
/static/9d1f2229649d73040d156c0f68b3f1c3/96ec1/car-valeting.webp 2048w"
                type="image/webp"
              />
              <source
                sizes="(max-width: 2048px) 100vw, 2048px"
                srcset="/static/9d1f2229649d73040d156c0f68b3f1c3/ec6c5/car-valeting.jpg 1280w,
/static/9d1f2229649d73040d156c0f68b3f1c3/69755/car-valeting.jpg 2048w"
              />
              <img
                alt=""
                loading="lazy"
                sizes="(max-width: 2048px) 100vw, 2048px"
                src="/static/9d1f2229649d73040d156c0f68b3f1c3/69755/car-valeting.jpg"
                srcset="/static/9d1f2229649d73040d156c0f68b3f1c3/ec6c5/car-valeting.jpg 1280w,
/static/9d1f2229649d73040d156c0f68b3f1c3/69755/car-valeting.jpg 2048w"
                style="position: absolute; top: 0px; left: 0px; width: 100%; height: 100%; object-fit: cover; object-position: center; opacity: 1; transition: none;"
              />
            </picture>
            <noscript>
              &lt;picture&gt;&lt;source type='image/webp' srcset="/static/9d1f2229649d73040d156c0f68b3f1c3/135cd/car-valeting.webp 1280w,
/static/9d1f2229649d73040d156c0f68b3f1c3/96ec1/car-valeting.webp 2048w" sizes="(max-width: 2048px) 100vw, 2048px" /&gt;&lt;source srcset="/static/9d1f2229649d73040d156c0f68b3f1c3/ec6c5/car-valeting.jpg 1280w,
/static/9d1f2229649d73040d156c0f68b3f1c3/69755/car-valeting.jpg 2048w" sizes="(max-width: 2048px) 100vw, 2048px" /&gt;&lt;img loading="lazy" sizes="(max-width: 2048px) 100vw, 2048px" srcset="/static/9d1f2229649d73040d156c0f68b3f1c3/ec6c5/car-valeting.jpg 1280w,
/static/9d1f2229649d73040d156c0f68b3f1c3/69755/car-valeting.jpg 2048w" src="/static/9d1f2229649d73040d156c0f68b3f1c3/69755/car-valeting.jpg" alt="" style="position:absolute;top:0;left:0;opacity:1;width:100%;height:100%;object-fit:cover;object-position:center"/&gt;&lt;/picture&gt;
            </noscript>
          </div>
          <div
            class="emotion-1"
          >
            <h1>
              <span>
                Car
                <br />
                 Valeting
              </span>
            </h1>
          </div>
        </div>
        <div
          class="swiper-slide"
        >
          <div
            class="emotion-0 gatsby-image-wrapper"
            style="position: relative; overflow: hidden;"
          >
            <div
              aria-hidden="true"
              style="width: 100%; padding-bottom: 100%;"
            />
            <img
              alt=""
              aria-hidden="true"
              src="data:image/jpeg;base64,/9j/2wBDABALDA4MChAODQ4SERATGCgaGBYWGDEjJR0oOjM9PDkzODdASFxOQERXRTc4UG1RV19iZ2hnPk1xeXBkeFxlZ2P/2wBDARESEhgVGC8aGi9jQjhCY2NjY2NjY2NjY2NjY2NjY2NjY2NjY2NjY2NjY2NjY2NjY2NjY2NjY2NjY2NjY2NjY2P/wgARCAAUABQDASIAAhEBAxEB/8QAGQABAAIDAAAAAAAAAAAAAAAAAAEEAgMF/8QAFQEBAQAAAAAAAAAAAAAAAAAAAQD/2gAMAwEAAhADEAAAAeZswsDUQizBMCP/xAAbEAACAgMBAAAAAAAAAAAAAAAAAQIRAxIiMf/aAAgBAQABBQLxdauNifTyRY5GqKs1R//EABQRAQAAAAAAAAAAAAAAAAAAACD/2gAIAQMBAT8BH//EABQRAQAAAAAAAAAAAAAAAAAAACD/2gAIAQIBAT8BH//EABsQAAIDAAMAAAAAAAAAAAAAAAARARAhAkFR/9oACAEBAAY/AlBE+jG8Hx6rDa//xAAdEAACAwACAwAAAAAAAAAAAAABEQAhMRBBUXGB/9oACAEBAAE/IXUfYOmJLPMASU4ZAXsVkQBdglcwirYeodCJPB//2gAMAwEAAgADAAAAEEQwPf/EABkRAAMAAwAAAAAAAAAAAAAAAAABERAhMf/aAAgBAwEBPxDdiHKV8x//xAAUEQEAAAAAAAAAAAAAAAAAAAAg/9oACAECAQE/EB//xAAbEAEBAAMBAQEAAAAAAAAAAAABEQAhMUFhwf/aAAgBAQABPxBYLFO8UhUBBQOEgSbJi0SB2SfPdZvBIHr1pJz8xqJYeED5myiyKu5TqiW9Mh5n/9k="
              style="position: absolute; top: 0px; left: 0px; width: 100%; height: 100%; object-fit: cover; object-position: center; opacity: 1;"
            />
            <picture>
              <source
                sizes="(max-width: 640px) 100vw, 640px"
                srcset="/static/c71fc18afbb65816ed6e5a35dbc41850/991d2/wheel-customization.webp 640w"
                type="image/webp"
              />
              <source
                sizes="(max-width: 640px) 100vw, 640px"
                srcset="/static/c71fc18afbb65816ed6e5a35dbc41850/f422e/wheel-customization.jpg 640w"
              />
              <img
                alt=""
                loading="lazy"
                sizes="(max-width: 640px) 100vw, 640px"
                src="/static/c71fc18afbb65816ed6e5a35dbc41850/f422e/wheel-customization.jpg"
                srcset="/static/c71fc18afbb65816ed6e5a35dbc41850/f422e/wheel-customization.jpg 640w"
                style="position: absolute; top: 0px; left: 0px; width: 100%; height: 100%; object-fit: cover; object-position: center; opacity: 1; transition: none;"
              />
            </picture>
            <noscript>
              &lt;picture&gt;&lt;source type='image/webp' srcset="/static/c71fc18afbb65816ed6e5a35dbc41850/991d2/wheel-customization.webp 640w" sizes="(max-width: 640px) 100vw, 640px" /&gt;&lt;source srcset="/static/c71fc18afbb65816ed6e5a35dbc41850/f422e/wheel-customization.jpg 640w" sizes="(max-width: 640px) 100vw, 640px" /&gt;&lt;img loading="lazy" sizes="(max-width: 640px) 100vw, 640px" srcset="/static/c71fc18afbb65816ed6e5a35dbc41850/f422e/wheel-customization.jpg 640w" src="/static/c71fc18afbb65816ed6e5a35dbc41850/f422e/wheel-customization.jpg" alt="" style="position:absolute;top:0;left:0;opacity:1;width:100%;height:100%;object-fit:cover;object-position:center"/&gt;&lt;/picture&gt;
            </noscript>
          </div>
          <div
            class="emotion-1"
          >
            <h1>
              <span>
                Wheel
                <br />
                 Customization
              </span>
            </h1>
          </div>
        </div>
      </div>
    </div>
  </section>
</DocumentFragment>
`;
